*** Using Compiler 'V6.24', folder: 'C:\Keil_v543\ARM\ARMCLANG\Bin'
Build target 'X-Track'
compiling HAL_SD_CARD.cpp...
compiling lv_img_rle.cpp...
compiling DP_Storage.cpp...
compiling DP_SportStatus.cpp...
compiling DP_TzConv.cpp...
compiling LiveMapModel.cpp...
compiling DP_GPS.cpp...
compiling DialplateModel.cpp...
compiling DP_TrackFilter.cpp...
compiling App.cpp...
compiling DP_SysConfig.cpp...
compiling LiveMapView.cpp...
compiling DP_Recorder.cpp...
compiling DialplateView.cpp...
compiling LiveMap.cpp...
compiling Dialplate.cpp...
linking...
Program Size: Code=383278 RO-data=85806 RW-data=1692 ZI-data=266732  
FromELF: creating hex file...
".\Objects\X-Track.axf" - 0 Error(s), 0 Warning(s).
Build Time Elapsed:  00:00:31
